---
source: tui/src/chatwidget/tests/guardian.rs
assertion_line: 169
expression: normalize_snapshot_paths(term.backend().vt100().screen().contents())
---





✔ Auto-reviewer approved hepta to run rm -f /tmp/guardian-approved.sqlite this
  time


› Ask Hepta to do anything

  gpt-5.5 default · /tmp/project
