---
source: tui/src/history_cell/tests.rs
assertion_line: 1468
expression: rendered
---
╭───────────────────────────────────────╮
│ >_ Hepta (vtest)                      │
│                                       │
│ model:       gpt-5   /model to change │
│ directory:   /tmp/project             │
│ permissions: YOLO mode                │
╰───────────────────────────────────────╯
